// Jest Snapshot v1, https://goo.gl/fbAQLP

exports[`WordScramble component should render snapshot 1`] = `
<div
  className="container-fluid WordScramble container"
>
  <div
    className="text-rigth row"
  >
    <div
      className="counterContainer"
    >
      Time left: 
      0
    </div>
    <button
      className="skipButton"
      onClick={[Function]}
    >
       Skip Word 
    </button>
  </div>
  <div
    className="text-center row"
  >
    <input
      className="userTextBox"
      onChange={[Function]}
      placeholder="Type your word"
      type="text"
      value=""
    />
  </div>
  <div
    className="scrambledWordContainer text-center row"
  />
  <div
    className="text-center score row"
  >
    matches:  
    0
  </div>
  <div
    className="row"
  />
</div>
`;
